2a01:e0a:100:: - - [19/Jun/2023:10:34:39 +0200] "GET /images/properties/1418faa0328b124c2e74e6b09c6aa5ba.jpg HTTP/1.1" 200 10335 coupdcoeurimmo.fr "https://coupdcoeurimmo.fr/home/page" "Mozilla/5.0 (Windows NT 10.0; Win64; x64) AppleWebKit/537.36 (KHTML, like Gecko) Chrome/114.0.0.0 Safari/537.36" "-"
2a01:e0a:100:: - - [19/Jun/2023:10:34:39 +0200] "GET /images/properties/b50b1d971c87cdbdfe2e88209f945a53.jpg HTTP/1.1" 200 10190 coupdcoeurimmo.fr "https://coupdcoeurimmo.fr/home/page" "Mozilla/5.0 (Windows NT 10.0; Win64; x64) AppleWebKit/537.36 (KHTML, like Gecko) Chrome/114.0.0.0 Safari/537.36" "-"
2a01:e0a:100:: - - [19/Jun/2023:10:34:39 +0200] "GET /images/properties/f1a10fe5207cd4766731d4f27ea8e5fd.jpg HTTP/1.1" 200 9378 coupdcoeurimmo.fr "https://coupdcoeurimmo.fr/home/page" "Mozilla/5.0 (Windows NT 10.0; Win64; x64) AppleWebKit/537.36 (KHTML, like Gecko) Chrome/114.0.0.0 Safari/537.36" "-"
2a01:e0a:100:: - - [19/Jun/2023:10:34:39 +0200] "GET /images/properties/cdd52cf7311a65c163cf97a5a74d5904.jpg HTTP/1.1" 200 10180 coupdcoeurimmo.fr "https://coupdcoeurimmo.fr/home/page" "Mozilla/5.0 (Windows NT 10.0; Win64; x64) AppleWebKit/537.36 (KHTML, like Gecko) Chrome/114.0.0.0 Safari/537.36" "-"
2a01:e0a:100:: - - [19/Jun/2023:10:34:39 +0200] "GET /images/properties/f0e828a5dfd92a68496a05d8a9d82ba1.jpg HTTP/1.1" 200 10000 coupdcoeurimmo.fr "https://coupdcoeurimmo.fr/home/page" "Mozilla/5.0 (Windows NT 10.0; Win64; x64) AppleWebKit/537.36 (KHTML, like Gecko) Chrome/114.0.0.0 Safari/537.36" "-"
2a01:e0a:100:: - - [19/Jun/2023:10:34:39 +0200] "GET /images/properties/abe4076dcf1d1666c0cd1d360a4bb715.jpg HTTP/1.1" 200 10439 coupdcoeurimmo.fr "https://coupdcoeurimmo.fr/home/page" "Mozilla/5.0 (Windows NT 10.0; Win64; x64) AppleWebKit/537.36 (KHTML, like Gecko) Chrome/114.0.0.0 Safari/537.36" "-"
2a01:e0a:100:: - - [19/Jun/2023:10:34:39 +0200] "GET /images/properties/20eb139dce4199a4624555d7aa854cff.jpg HTTP/1.1" 200 9763 coupdcoeurimmo.fr "https://coupdcoeurimmo.fr/home/page" "Mozilla/5.0 (Windows NT 10.0; Win64; x64) AppleWebKit/537.36 (KHTML, like Gecko) Chrome/114.0.0.0 Safari/537.36" "-"
2a01:e0a:100:: - - [19/Jun/2023:10:34:39 +0200] "GET /images/properties/14049b6637e4a0e05c6a8780f620d793.jpg HTTP/1.1" 200 8321 coupdcoeurimmo.fr "https://coupdcoeurimmo.fr/home/page" "Mozilla/5.0 (Windows NT 10.0; Win64; x64) AppleWebKit/537.36 (KHTML, like Gecko) Chrome/114.0.0.0 Safari/537.36" "-"
2a01:e0a:100:: - - [19/Jun/2023:10:34:40 +0200] "GET /_wdt/77ce79 HTTP/1.1" 200 35533 coupdcoeurimmo.fr "https://coupdcoeurimmo.fr/home/page" "Mozilla/5.0 (Windows NT 10.0; Win64; x64) AppleWebKit/537.36 (KHTML, like Gecko) Chrome/114.0.0.0 Safari/537.36" "-"
34.145.165.0 - - [19/Jun/2023:10:34:40 +0200] "GET /home/page HTTP/1.1" 200 124689 coupdcoeurimmo.fr "-" "Mozilla/5.0 (Windows NT 6.1; WOW64; Trident/7.0; rv:11.0) like Gecko" "-"
2a01:e0a:100:: - - [19/Jun/2023:10:34:40 +0200] "GET /favicon.ico HTTP/1.1" 404 271574 coupdcoeurimmo.fr "https://coupdcoeurimmo.fr/home/page" "Mozilla/5.0 (Windows NT 10.0; Win64; x64) AppleWebKit/537.36 (KHTML, like Gecko) Chrome/114.0.0.0 Safari/537.36" "-"
2a01:e0a:100:: - - [19/Jun/2023:10:35:05 +0200] "GET /category/vente HTTP/1.1" 200 75188 coupdcoeurimmo.fr "https://coupdcoeurimmo.fr/home/page" "Mozilla/5.0 (Windows NT 10.0; Win64; x64) AppleWebKit/537.36 (KHTML, like Gecko) Chrome/114.0.0.0 Safari/537.36" "-"
2a01:e0a:100:: - - [19/Jun/2023:10:35:06 +0200] "GET /_wdt/90ca43 HTTP/1.1" 200 35566 coupdcoeurimmo.fr "https://coupdcoeurimmo.fr/category/vente" "Mozilla/5.0 (Windows NT 10.0; Win64; x64) AppleWebKit/537.36 (KHTML, like Gecko) Chrome/114.0.0.0 Safari/537.36" "-"
34.145.165.0 - - [19/Jun/2023:10:35:06 +0200] "GET /category/vente HTTP/1.1" 200 75195 coupdcoeurimmo.fr "-" "Mozilla/5.0 (Windows NT 6.1; WOW64; Trident/7.0; rv:11.0) like Gecko" "-"
2a01:e0a:100:: - - [19/Jun/2023:10:35:12 +0200] "GET /home/page HTTP/1.1" 200 124698 coupdcoeurimmo.fr "https://coupdcoeurimmo.fr/category/vente" "Mozilla/5.0 (Windows NT 10.0; Win64; x64) AppleWebKit/537.36 (KHTML, like Gecko) Chrome/114.0.0.0 Safari/537.36" "-"
2a01:e0a:100:: - - [19/Jun/2023:10:35:12 +0200] "GET /_wdt/3ec903 HTTP/1.1" 200 35533 coupdcoeurimmo.fr "https://coupdcoeurimmo.fr/home/page" "Mozilla/5.0 (Windows NT 10.0; Win64; x64) AppleWebKit/537.36 (KHTML, like Gecko) Chrome/114.0.0.0 Safari/537.36" "-"
34.145.165.0 - - [19/Jun/2023:10:35:13 +0200] "GET /home/page HTTP/1.1" 200 124675 coupdcoeurimmo.fr "-" "Mozilla/5.0 (Windows NT 6.1; WOW64; Trident/7.0; rv:11.0) like Gecko" "-"
2a01:e0a:100:: - - [19/Jun/2023:10:36:25 +0200] "POST /search HTTP/1.1" 200 7331 coupdcoeurimmo.fr "https://coupdcoeurimmo.fr/home/page" "Mozilla/5.0 (Windows NT 10.0; Win64; x64) AppleWebKit/537.36 (KHTML, like Gecko) Chrome/114.0.0.0 Safari/537.36" "-"
34.105.37.0 - - [19/Jun/2023:10:36:29 +0200] "GET /search HTTP/1.1" 405 272089 coupdcoeurimmo.fr "-" "Mozilla/5.0 (Windows NT 6.1; WOW64; Trident/7.0; rv:11.0) like Gecko" "-"
34.105.37.0 - - [19/Jun/2023:10:36:38 +0200] "GET /home/page HTTP/1.1" 200 124699 coupdcoeurimmo.fr "-" "Mozilla/5.0 (Windows NT 6.1; WOW64; Trident/7.0; rv:11.0) like Gecko" "-"
2a01:e0a:100:: - - [19/Jun/2023:10:36:40 +0200] "POST /search HTTP/1.1" 200 7325 coupdcoeurimmo.fr "https://coupdcoeurimmo.fr/home/page" "Mozilla/5.0 (Windows NT 10.0; Win64; x64) AppleWebKit/537.36 (KHTML, like Gecko) Chrome/114.0.0.0 Safari/537.36" "-"
2a01:e0a:100:: - - [19/Jun/2023:10:37:00 +0200] "POST /search HTTP/1.1" 200 7353 coupdcoeurimmo.fr "https://coupdcoeurimmo.fr/home/page" "Mozilla/5.0 (Windows NT 10.0; Win64; x64) AppleWebKit/537.36 (KHTML, like Gecko) Chrome/114.0.0.0 Safari/537.36" "-"
2a01:e0a:100:: - - [19/Jun/2023:10:38:02 +0200] "GET /pdf/84 HTTP/1.1" 500 225505 coupdcoeurimmo.fr "https://coupdcoeurimmo.fr/home/page" "Mozilla/5.0 (Windows NT 10.0; Win64; x64) AppleWebKit/537.36 (KHTML, like Gecko) Chrome/114.0.0.0 Safari/537.36" "-"
2a01:e0a:100:: - - [19/Jun/2023:10:38:03 +0200] "GET /_wdt/fbf3e2 HTTP/1.1" 200 34428 coupdcoeurimmo.fr "https://coupdcoeurimmo.fr/pdf/84" "Mozilla/5.0 (Windows NT 10.0; Win64; x64) AppleWebKit/537.36 (KHTML, like Gecko) Chrome/114.0.0.0 Safari/537.36" "-"
34.150.223.0 - - [19/Jun/2023:10:38:03 +0200] "GET /pdf/84 HTTP/1.1" 500 225488 coupdcoeurimmo.fr "-" "Mozilla/5.0 (Windows NT 6.1; WOW64; Trident/7.0; rv:11.0) like Gecko" "-"
66.60.182.0 - - [19/Jun/2023:10:38:04 +0200] "GET /pdf/84 HTTP/1.1" 500 225505 coupdcoeurimmo.fr "https://www.google.com/" "Mozilla/5.0 (Windows NT 10.0; Win64; x64) AppleWebKit/537.36 (KHTML, like Gecko) Chrome/113.0.0.0 Safari/537.36" "-"
66.60.182.0 - - [19/Jun/2023:10:38:07 +0200] "GET /_wdt/d907ff HTTP/1.1" 200 34427 coupdcoeurimmo.fr "https://coupdcoeurimmo.fr/pdf/84" "Mozilla/5.0 (Windows NT 10.0; Win64; x64) AppleWebKit/537.36 (KHTML, like Gecko) Chrome/113.0.0.0 Safari/537.36" "-"
2a01:e0a:100:: - - [19/Jun/2023:10:38:18 +0200] "POST /search HTTP/1.1" 200 7345 coupdcoeurimmo.fr "https://coupdcoeurimmo.fr/home/page" "Mozilla/5.0 (Windows NT 10.0; Win64; x64) AppleWebKit/537.36 (KHTML, like Gecko) Chrome/114.0.0.0 Safari/537.36" "-"
64.184.109.0 - - [19/Jun/2023:10:38:34 +0200] "GET /home/page HTTP/1.1" 200 124697 coupdcoeurimmo.fr "https://www.google.com/" "Mozilla/5.0 (Windows NT 10.0; Win64; x64) AppleWebKit/537.36 (KHTML, like Gecko) Chrome/113.0.0.0 Safari/537.36" "-"
64.184.109.0 - - [19/Jun/2023:10:38:38 +0200] "GET /images/logo.jpg HTTP/1.1" 200 2792 coupdcoeurimmo.fr "https://coupdcoeurimmo.fr/home/page" "Mozilla/5.0 (Windows NT 10.0; Win64; x64) AppleWebKit/537.36 (KHTML, like Gecko) Chrome/113.0.0.0 Safari/537.36" "-"
64.184.109.0 - - [19/Jun/2023:10:38:38 +0200] "GET /images/properties/1daa576c35c8dff08f050bcb071865af-6489873aa118a231771862.jpg HTTP/1.1" 200 8538 coupdcoeurimmo.fr "https://coupdcoeurimmo.fr/home/page" "Mozilla/5.0 (Windows NT 10.0; Win64; x64) AppleWebKit/537.36 (KHTML, like Gecko) Chrome/113.0.0.0 Safari/537.36" "-"
64.184.109.0 - - [19/Jun/2023:10:38:39 +0200] "GET /images/properties/a2834a13eaec2a3e1c3a88ac8e444b37.jpg HTTP/1.1" 200 10311 coupdcoeurimmo.fr "https://coupdcoeurimmo.fr/home/page" "Mozilla/5.0 (Windows NT 10.0; Win64; x64) AppleWebKit/537.36 (KHTML, like Gecko) Chrome/113.0.0.0 Safari/537.36" "-"
64.184.109.0 - - [19/Jun/2023:10:38:40 +0200] "GET /images/properties/79a6c2c1cb9aa9712b68a9f48549792f.jpg HTTP/1.1" 200 9704 coupdcoeurimmo.fr "https://coupdcoeurimmo.fr/home/page" "Mozilla/5.0 (Windows NT 10.0; Win64; x64) AppleWebKit/537.36 (KHTML, like Gecko) Chrome/113.0.0.0 Safari/537.36" "-"
64.184.109.0 - - [19/Jun/2023:10:38:40 +0200] "GET /images/properties/5a6c9f9968465414bcd6a21f40d20b21.jpg HTTP/1.1" 200 10027 coupdcoeurimmo.fr "https://coupdcoeurimmo.fr/home/page" "Mozilla/5.0 (Windows NT 10.0; Win64; x64) AppleWebKit/537.36 (KHTML, like Gecko) Chrome/113.0.0.0 Safari/537.36" "-"
64.184.109.0 - - [19/Jun/2023:10:38:42 +0200] "GET /images/properties/de5eb31e84b03e6fcf0fded6f6974ecd.jpg HTTP/1.1" 200 10606 coupdcoeurimmo.fr "https://coupdcoeurimmo.fr/home/page" "Mozilla/5.0 (Windows NT 10.0; Win64; x64) AppleWebKit/537.36 (KHTML, like Gecko) Chrome/113.0.0.0 Safari/537.36" "-"
64.184.109.0 - - [19/Jun/2023:10:38:42 +0200] "GET /images/properties/62b098afcf965638b6ce2893f3876c96.jpg HTTP/1.1" 200 9889 coupdcoeurimmo.fr "https://coupdcoeurimmo.fr/home/page" "Mozilla/5.0 (Windows NT 10.0; Win64; x64) AppleWebKit/537.36 (KHTML, like Gecko) Chrome/113.0.0.0 Safari/537.36" "-"
64.184.109.0 - - [19/Jun/2023:10:38:43 +0200] "GET /images/properties/83d34427b14072dac62bf8eb5ddab1b7.jpg HTTP/1.1" 200 10387 coupdcoeurimmo.fr "https://coupdcoeurimmo.fr/home/page" "Mozilla/5.0 (Windows NT 10.0; Win64; x64) AppleWebKit/537.36 (KHTML, like Gecko) Chrome/113.0.0.0 Safari/537.36" "-"
64.184.109.0 - - [19/Jun/2023:10:38:43 +0200] "GET /images/properties/b50b1d971c87cdbdfe2e88209f945a53.jpg HTTP/1.1" 200 10190 coupdcoeurimmo.fr "https://coupdcoeurimmo.fr/home/page" "Mozilla/5.0 (Windows NT 10.0; Win64; x64) AppleWebKit/537.36 (KHTML, like Gecko) Chrome/113.0.0.0 Safari/537.36" "-"
64.184.109.0 - - [19/Jun/2023:10:38:44 +0200] "GET /images/properties/1418faa0328b124c2e74e6b09c6aa5ba.jpg HTTP/1.1" 200 10335 coupdcoeurimmo.fr "https://coupdcoeurimmo.fr/home/page" "Mozilla/5.0 (Windows NT 10.0; Win64; x64) AppleWebKit/537.36 (KHTML, like Gecko) Chrome/113.0.0.0 Safari/537.36" "-"
64.184.109.0 - - [19/Jun/2023:10:38:44 +0200] "GET /images/properties/f1a10fe5207cd4766731d4f27ea8e5fd.jpg HTTP/1.1" 200 9378 coupdcoeurimmo.fr "https://coupdcoeurimmo.fr/home/page" "Mozilla/5.0 (Windows NT 10.0; Win64; x64) AppleWebKit/537.36 (KHTML, like Gecko) Chrome/113.0.0.0 Safari/537.36" "-"
64.184.109.0 - - [19/Jun/2023:10:38:45 +0200] "GET /images/properties/cdd52cf7311a65c163cf97a5a74d5904.jpg HTTP/1.1" 200 10180 coupdcoeurimmo.fr "https://coupdcoeurimmo.fr/home/page" "Mozilla/5.0 (Windows NT 10.0; Win64; x64) AppleWebKit/537.36 (KHTML, like Gecko) Chrome/113.0.0.0 Safari/537.36" "-"
64.184.109.0 - - [19/Jun/2023:10:38:46 +0200] "GET /images/properties/f0e828a5dfd92a68496a05d8a9d82ba1.jpg HTTP/1.1" 200 10000 coupdcoeurimmo.fr "https://coupdcoeurimmo.fr/home/page" "Mozilla/5.0 (Windows NT 10.0; Win64; x64) AppleWebKit/537.36 (KHTML, like Gecko) Chrome/113.0.0.0 Safari/537.36" "-"
2a01:e0a:100:: - - [19/Jun/2023:10:38:46 +0200] "GET /home/about HTTP/1.1" 200 71425 coupdcoeurimmo.fr "https://coupdcoeurimmo.fr/home/page" "Mozilla/5.0 (Windows NT 10.0; Win64; x64) AppleWebKit/537.36 (KHTML, like Gecko) Chrome/114.0.0.0 Safari/537.36" "-"
64.184.109.0 - - [19/Jun/2023:10:38:47 +0200] "GET /images/properties/abe4076dcf1d1666c0cd1d360a4bb715.jpg HTTP/1.1" 200 10439 coupdcoeurimmo.fr "https://coupdcoeurimmo.fr/home/page" "Mozilla/5.0 (Windows NT 10.0; Win64; x64) AppleWebKit/537.36 (KHTML, like Gecko) Chrome/113.0.0.0 Safari/537.36" "-"
64.184.109.0 - - [19/Jun/2023:10:38:47 +0200] "GET /images/properties/20eb139dce4199a4624555d7aa854cff.jpg HTTP/1.1" 200 9763 coupdcoeurimmo.fr "https://coupdcoeurimmo.fr/home/page" "Mozilla/5.0 (Windows NT 10.0; Win64; x64) AppleWebKit/537.36 (KHTML, like Gecko) Chrome/113.0.0.0 Safari/537.36" "-"
2a01:e0a:100:: - - [19/Jun/2023:10:38:47 +0200] "GET /_wdt/6dde60 HTTP/1.1" 200 35535 coupdcoeurimmo.fr "https://coupdcoeurimmo.fr/home/about" "Mozilla/5.0 (Windows NT 10.0; Win64; x64) AppleWebKit/537.36 (KHTML, like Gecko) Chrome/114.0.0.0 Safari/537.36" "-"
34.145.165.0 - - [19/Jun/2023:10:38:47 +0200] "GET /home/about HTTP/1.1" 200 71418 coupdcoeurimmo.fr "-" "Mozilla/5.0 (Windows NT 6.1; WOW64; Trident/7.0; rv:11.0) like Gecko" "-"
64.184.109.0 - - [19/Jun/2023:10:38:48 +0200] "GET /images/properties/14049b6637e4a0e05c6a8780f620d793.jpg HTTP/1.1" 200 8321 coupdcoeurimmo.fr "https://coupdcoeurimmo.fr/home/page" "Mozilla/5.0 (Windows NT 10.0; Win64; x64) AppleWebKit/537.36 (KHTML, like Gecko) Chrome/113.0.0.0 Safari/537.36" "-"
2a01:e0a:100:: - - [19/Jun/2023:10:38:50 +0200] "GET /home/page HTTP/1.1" 200 124682 coupdcoeurimmo.fr "https://coupdcoeurimmo.fr/home/about" "Mozilla/5.0 (Windows NT 10.0; Win64; x64) AppleWebKit/537.36 (KHTML, like Gecko) Chrome/114.0.0.0 Safari/537.36" "-"
64.184.109.0 - - [19/Jun/2023:10:38:51 +0200] "GET /_wdt/d3daad HTTP/1.1" 200 35533 coupdcoeurimmo.fr "https://coupdcoeurimmo.fr/home/page" "Mozilla/5.0 (Windows NT 10.0; Win64; x64) AppleWebKit/537.36 (KHTML, like Gecko) Chrome/113.0.0.0 Safari/537.36" "-"
2a01:e0a:100:: - - [19/Jun/2023:10:38:51 +0200] "GET /_wdt/4ec972 HTTP/1.1" 200 35533 coupdcoeurimmo.fr "https://coupdcoeurimmo.fr/home/page" "Mozilla/5.0 (Windows NT 10.0; Win64; x64) AppleWebKit/537.36 (KHTML, like Gecko) Chrome/114.0.0.0 Safari/537.36" "-"
2a01:e0a:100:: - - [19/Jun/2023:10:40:40 +0200] "GET /home/favoris HTTP/1.1" 200 70837 coupdcoeurimmo.fr "https://coupdcoeurimmo.fr/home/page" "Mozilla/5.0 (Windows NT 10.0; Win64; x64) AppleWebKit/537.36 (KHTML, like Gecko) Chrome/114.0.0.0 Safari/537.36" "-"
2a01:e0a:100:: - - [19/Jun/2023:10:40:40 +0200] "GET /_wdt/25bff2 HTTP/1.1" 200 35536 coupdcoeurimmo.fr "https://coupdcoeurimmo.fr/home/favoris" "Mozilla/5.0 (Windows NT 10.0; Win64; x64) AppleWebKit/537.36 (KHTML, like Gecko) Chrome/114.0.0.0 Safari/537.36" "-"
34.145.165.0 - - [19/Jun/2023:10:40:41 +0200] "GET /home/favoris HTTP/1.1" 200 70823 coupdcoeurimmo.fr "-" "Mozilla/5.0 (Windows NT 6.1; WOW64; Trident/7.0; rv:11.0) like Gecko" "-"
2a01:e0a:100:: - - [19/Jun/2023:10:40:43 +0200] "GET /home/page HTTP/1.1" 200 124695 coupdcoeurimmo.fr "https://coupdcoeurimmo.fr/home/favoris" "Mozilla/5.0 (Windows NT 10.0; Win64; x64) AppleWebKit/537.36 (KHTML, like Gecko) Chrome/114.0.0.0 Safari/537.36" "-"
2a01:e0a:100:: - - [19/Jun/2023:10:40:44 +0200] "GET /_wdt/8c0a9e HTTP/1.1" 200 35533 coupdcoeurimmo.fr "https://coupdcoeurimmo.fr/home/page" "Mozilla/5.0 (Windows NT 10.0; Win64; x64) AppleWebKit/537.36 (KHTML, like Gecko) Chrome/114.0.0.0 Safari/537.36" "-"
2a01:e0a:100:: - - [19/Jun/2023:10:40:58 +0200] "GET /home/favoris HTTP/1.1" 200 81501 coupdcoeurimmo.fr "https://coupdcoeurimmo.fr/home/page" "Mozilla/5.0 (Windows NT 10.0; Win64; x64) AppleWebKit/537.36 (KHTML, like Gecko) Chrome/114.0.0.0 Safari/537.36" "-"
2a01:e0a:100:: - - [19/Jun/2023:10:40:58 +0200] "GET /_wdt/10be86 HTTP/1.1" 200 35536 coupdcoeurimmo.fr "https://coupdcoeurimmo.fr/home/favoris" "Mozilla/5.0 (Windows NT 10.0; Win64; x64) AppleWebKit/537.36 (KHTML, like Gecko) Chrome/114.0.0.0 Safari/537.36" "-"
35.225.82.0 - - [19/Jun/2023:10:40:59 +0200] "GET /home/favoris HTTP/1.1" 200 70838 coupdcoeurimmo.fr "-" "Mozilla/5.0 (Windows NT 6.1; WOW64; Trident/7.0; rv:11.0) like Gecko" "-"
2a01:e0a:100:: - - [19/Jun/2023:10:41:09 +0200] "GET /home/page HTTP/1.1" 200 124684 coupdcoeurimmo.fr "https://coupdcoeurimmo.fr/home/favoris" "Mozilla/5.0 (Windows NT 10.0; Win64; x64) AppleWebKit/537.36 (KHTML, like Gecko) Chrome/114.0.0.0 Safari/537.36" "-"
2a01:e0a:100:: - - [19/Jun/2023:10:41:10 +0200] "GET /_wdt/0aaf59 HTTP/1.1" 200 35538 coupdcoeurimmo.fr "https://coupdcoeurimmo.fr/home/page" "Mozilla/5.0 (Windows NT 10.0; Win64; x64) AppleWebKit/537.36 (KHTML, like Gecko) Chrome/114.0.0.0 Safari/537.36" "-"
2a01:e0a:100:: - - [19/Jun/2023:10:41:24 +0200] "GET /home/favoris HTTP/1.1" 200 81492 coupdcoeurimmo.fr "https://coupdcoeurimmo.fr/home/page" "Mozilla/5.0 (Windows NT 10.0; Win64; x64) AppleWebKit/537.36 (KHTML, like Gecko) Chrome/114.0.0.0 Safari/537.36" "-"
2a01:e0a:100:: - - [19/Jun/2023:10:41:25 +0200] "GET /_wdt/f855a8 HTTP/1.1" 200 35541 coupdcoeurimmo.fr "https://coupdcoeurimmo.fr/home/favoris" "Mozilla/5.0 (Windows NT 10.0; Win64; x64) AppleWebKit/537.36 (KHTML, like Gecko) Chrome/114.0.0.0 Safari/537.36" "-"
2a01:e0a:100:: - - [19/Jun/2023:10:41:33 +0200] "GET /home/favoris HTTP/1.1" 200 70818 coupdcoeurimmo.fr "https://coupdcoeurimmo.fr/home/favoris" "Mozilla/5.0 (Windows NT 10.0; Win64; x64) AppleWebKit/537.36 (KHTML, like Gecko) Chrome/114.0.0.0 Safari/537.36" "-"
2a01:e0a:100:: - - [19/Jun/2023:10:41:34 +0200] "GET /_wdt/12b069 HTTP/1.1" 200 35536 coupdcoeurimmo.fr "https://coupdcoeurimmo.fr/home/favoris" "Mozilla/5.0 (Windows NT 10.0; Win64; x64) AppleWebKit/537.36 (KHTML, like Gecko) Chrome/114.0.0.0 Safari/537.36" "-"
2a01:e0a:100:: - - [19/Jun/2023:10:41:37 +0200] "GET /home/page HTTP/1.1" 200 124693 coupdcoeurimmo.fr "https://coupdcoeurimmo.fr/home/favoris" "Mozilla/5.0 (Windows NT 10.0; Win64; x64) AppleWebKit/537.36 (KHTML, like Gecko) Chrome/114.0.0.0 Safari/537.36" "-"
2a01:e0a:100:: - - [19/Jun/2023:10:41:37 +0200] "GET /_wdt/bb4683 HTTP/1.1" 200 35533 coupdcoeurimmo.fr "https://coupdcoeurimmo.fr/home/page" "Mozilla/5.0 (Windows NT 10.0; Win64; x64) AppleWebKit/537.36 (KHTML, like Gecko) Chrome/114.0.0.0 Safari/537.36" "-"
2a01:e0a:100:: - - [19/Jun/2023:10:42:01 +0200] "GET /home/favoris HTTP/1.1" 200 81511 coupdcoeurimmo.fr "https://coupdcoeurimmo.fr/home/page" "Mozilla/5.0 (Windows NT 10.0; Win64; x64) AppleWebKit/537.36 (KHTML, like Gecko) Chrome/114.0.0.0 Safari/537.36" "-"
2a01:e0a:100:: - - [19/Jun/2023:10:42:01 +0200] "GET /_wdt/a7f8d4 HTTP/1.1" 200 35536 coupdcoeurimmo.fr "https://coupdcoeurimmo.fr/home/favoris" "Mozilla/5.0 (Windows NT 10.0; Win64; x64) AppleWebKit/537.36 (KHTML, like Gecko) Chrome/114.0.0.0 Safari/537.36" "-"
2a01:e0a:100:: - - [19/Jun/2023:10:42:37 +0200] "GET /home/page HTTP/1.1" 200 124691 coupdcoeurimmo.fr "https://coupdcoeurimmo.fr/home/favoris" "Mozilla/5.0 (Windows NT 10.0; Win64; x64) AppleWebKit/537.36 (KHTML, like Gecko) Chrome/114.0.0.0 Safari/537.36" "-"
2a01:e0a:100:: - - [19/Jun/2023:10:42:38 +0200] "GET /_wdt/24f0c9 HTTP/1.1" 200 35534 coupdcoeurimmo.fr "https://coupdcoeurimmo.fr/home/page" "Mozilla/5.0 (Windows NT 10.0; Win64; x64) AppleWebKit/537.36 (KHTML, like Gecko) Chrome/114.0.0.0 Safari/537.36" "-"
47.88.78.0 - - [19/Jun/2023:11:28:15 +0200] "GET / HTTP/1.1" 200 124678 coupdcoeurimmo.fr "-" "Mozilla/5.0 (Linux; Android 11; M2004J15SC) AppleWebKit/537.36 (KHTML, like Gecko) Chrome/103.0.5060.114 Mobile Safari/537.36" "-"
47.88.90.0 - - [19/Jun/2023:11:28:15 +0200] "GET / HTTP/1.1" 200 124693 www.coupdcoeurimmo.fr "-" "Mozilla/5.0 (Linux; Android 11; M2004J15SC) AppleWebKit/537.36 (KHTML, like Gecko) Chrome/103.0.5060.114 Mobile Safari/537.36" "-"
47.88.6.0 - - [19/Jun/2023:11:28:15 +0200] "GET / HTTP/1.1" 200 124676 coupdcoeurimmo.fr "-" "Mozilla/5.0 (Linux; Android 11; M2004J15SC) AppleWebKit/537.36 (KHTML, like Gecko) Chrome/103.0.5060.114 Mobile Safari/537.36" "-"
47.88.94.0 - - [19/Jun/2023:11:28:20 +0200] "GET /Public/home/js/check.js HTTP/1.1" 404 271340 coupdcoeurimmo.fr "-" "Mozilla/5.0 (Linux; Android 11; M2004J15SC) AppleWebKit/537.36 (KHTML, like Gecko) Chrome/103.0.5060.114 Mobile Safari/537.36" "-"
47.254.76.0 - - [19/Jun/2023:11:28:20 +0200] "GET /Public/home/js/check.js HTTP/1.1" 404 271340 coupdcoeurimmo.fr "-" "Mozilla/5.0 (Linux; Android 11; M2004J15SC) AppleWebKit/537.36 (KHTML, like Gecko) Chrome/103.0.5060.114 Mobile Safari/537.36" "-"
47.88.87.0 - - [19/Jun/2023:11:28:21 +0200] "GET /Public/home/js/check.js HTTP/1.1" 404 271480 www.coupdcoeurimmo.fr "-" "Mozilla/5.0 (Linux; Android 11; M2004J15SC) AppleWebKit/537.36 (KHTML, like Gecko) Chrome/103.0.5060.114 Mobile Safari/537.36" "-"
47.251.13.0 - - [19/Jun/2023:11:28:23 +0200] "GET /static/admin/javascript/hetong.js HTTP/1.1" 404 271420 coupdcoeurimmo.fr "-" "Mozilla/5.0 (Linux; Android 11; M2004J15SC) AppleWebKit/537.36 (KHTML, like Gecko) Chrome/103.0.5060.114 Mobile Safari/537.36" "-"
47.88.94.0 - - [19/Jun/2023:11:28:24 +0200] "GET /static/admin/javascript/hetong.js HTTP/1.1" 404 271560 www.coupdcoeurimmo.fr "-" "Mozilla/5.0 (Linux; Android 11; M2004J15SC) AppleWebKit/537.36 (KHTML, like Gecko) Chrome/103.0.5060.114 Mobile Safari/537.36" "-"
47.89.195.0 - - [19/Jun/2023:11:28:53 +0200] "GET /static/admin/javascript/hetong.js HTTP/1.1" 404 271420 coupdcoeurimmo.fr "-" "Mozilla/5.0 (Linux; Android 11; M2004J15SC) AppleWebKit/537.36 (KHTML, like Gecko) Chrome/103.0.5060.114 Mobile Safari/537.36" "-"
15.237.53.0 - - [19/Jun/2023:11:32:37 +0200] "GET / HTTP/1.1" 200 124692 coupdcoeurimmo.fr "http://coupdcoeurimmo.fr/" "Mozilla/5.0 (Linux; Android 8.0; Pixel 2 Build/OPD3.170816.012) AppleWebKit/537.36 (KHTML, like Gecko) Chrome/87.0.4280.88 Mobile Safari/537.36" "-"
15.237.53.0 - - [19/Jun/2023:11:32:37 +0200] "GET / HTTP/1.1" 200 124694 coupdcoeurimmo.fr "https://coupdcoeurimmo.fr/" "Mozilla/5.0 (Linux; Android 8.0; Pixel 2 Build/OPD3.170816.012) AppleWebKit/537.36 (KHTML, like Gecko) Chrome/87.0.4280.88 Mobile Safari/537.36" "-"
18.184.157.0 - - [19/Jun/2023:11:32:37 +0200] "GET / HTTP/1.1" 200 124703 coupdcoeurimmo.fr "https://coupdcoeurimmo.fr/" "Mozilla/5.0 (Linux; Android 8.0; Pixel 2 Build/OPD3.170816.012) AppleWebKit/537.36 (KHTML, like Gecko) Chrome/87.0.4280.88 Mobile Safari/537.36" "-"
18.184.157.0 - - [19/Jun/2023:11:32:37 +0200] "GET / HTTP/1.1" 200 124672 coupdcoeurimmo.fr "http://coupdcoeurimmo.fr/" "Mozilla/5.0 (Linux; Android 8.0; Pixel 2 Build/OPD3.170816.012) AppleWebKit/537.36 (KHTML, like Gecko) Chrome/87.0.4280.88 Mobile Safari/537.36" "-"
68.235.38.0 - - [19/Jun/2023:11:32:37 +0200] "GET / HTTP/1.1" 200 124690 coupdcoeurimmo.fr "http://coupdcoeurimmo.fr/" "Mozilla/5.0 (Macintosh; Intel Mac OS X 10.15; rv:109.0) Gecko/20100101 Firefox/113.0" "-"
84.252.95.0 - - [19/Jun/2023:11:32:37 +0200] "GET / HTTP/1.1" 200 124681 coupdcoeurimmo.fr "http://coupdcoeurimmo.fr/" "Mozilla/5.0 (Windows NT 6.3) AppleWebKit/537.36 (KHTML, like Gecko) Chrome/106.0.5249.61 Safari/537.36" "-"
84.252.95.0 - - [19/Jun/2023:11:32:37 +0200] "GET / HTTP/1.1" 200 124695 coupdcoeurimmo.fr "https://coupdcoeurimmo.fr/" "Mozilla/5.0 (Windows NT 6.3) AppleWebKit/537.36 (KHTML, like Gecko) Chrome/106.0.5249.61 Safari/537.36" "-"
2001:41d0:: - - [19/Jun/2023:11:32:37 +0200] "GET / HTTP/1.1" 500 554836 coupdcoeurimmo.fr "http://coupdcoeurimmo.fr/" "Mozilla/5.0 (Linux; Android 10; K) AppleWebKit/537.36 (KHTML, like Gecko) Chrome/112.0.0.0 Mobile Safari/537.36" "-"
68.235.38.0 - - [19/Jun/2023:11:32:38 +0200] "GET / HTTP/1.1" 200 124695 coupdcoeurimmo.fr "https://coupdcoeurimmo.fr/" "Mozilla/5.0 (Macintosh; Intel Mac OS X 10.15; rv:109.0) Gecko/20100101 Firefox/113.0" "-"
2001:41d0:: - - [19/Jun/2023:11:32:38 +0200] "GET / HTTP/1.1" 200 124693 coupdcoeurimmo.fr "https://coupdcoeurimmo.fr/" "Mozilla/5.0 (Linux; Android 10; K) AppleWebKit/537.36 (KHTML, like Gecko) Chrome/112.0.0.0 Mobile Safari/537.36" "-"
68.235.38.0 - - [19/Jun/2023:11:33:33 +0200] "GET /images/logo.jpg HTTP/1.1" 200 2792 coupdcoeurimmo.fr "http://coupdcoeurimmo.fr/images/logo.jpg" "Mozilla/5.0 (Macintosh; Intel Mac OS X 10.15; rv:109.0) Gecko/20100101 Firefox/113.0" "-"
18.184.157.0 - - [19/Jun/2023:11:33:57 +0200] "GET /images/logo.jpg HTTP/1.1" 200 2792 coupdcoeurimmo.fr "http://coupdcoeurimmo.fr/images/logo.jpg" "Mozilla/5.0 (Linux; Android 8.0; Pixel 2 Build/OPD3.170816.012) AppleWebKit/537.36 (KHTML, like Gecko) Chrome/87.0.4280.88 Mobile Safari/537.36" "-"
84.252.95.0 - - [19/Jun/2023:11:34:07 +0200] "GET /images/logo.jpg HTTP/1.1" 200 2792 coupdcoeurimmo.fr "http://coupdcoeurimmo.fr/images/logo.jpg" "Mozilla/5.0 (Windows NT 6.3) AppleWebKit/537.36 (KHTML, like Gecko) Chrome/106.0.5249.61 Safari/537.36" "-"
15.237.53.0 - - [19/Jun/2023:11:34:54 +0200] "GET /images/logo.jpg HTTP/1.1" 200 2792 coupdcoeurimmo.fr "http://coupdcoeurimmo.fr/images/logo.jpg" "Mozilla/5.0 (Linux; Android 8.0; Pixel 2 Build/OPD3.170816.012) AppleWebKit/537.36 (KHTML, like Gecko) Chrome/87.0.4280.88 Mobile Safari/537.36" "-"
2a01:e0a:100:: - - [19/Jun/2023:11:38:10 +0200] "GET /home/page HTTP/1.1" 200 124690 coupdcoeurimmo.fr "https://coupdcoeurimmo.fr/home/favoris" "Mozilla/5.0 (Windows NT 10.0; Win64; x64) AppleWebKit/537.36 (KHTML, like Gecko) Chrome/114.0.0.0 Safari/537.36" "-"
2a01:e0a:100:: - - [19/Jun/2023:11:38:12 +0200] "GET /_wdt/0d948e HTTP/1.1" 200 35538 coupdcoeurimmo.fr "https://coupdcoeurimmo.fr/home/page" "Mozilla/5.0 (Windows NT 10.0; Win64; x64) AppleWebKit/537.36 (KHTML, like Gecko) Chrome/114.0.0.0 Safari/537.36" "-"
34.145.165.0 - - [19/Jun/2023:11:38:12 +0200] "GET /home/page HTTP/1.1" 200 124695 coupdcoeurimmo.fr "-" "Mozilla/5.0 (Windows NT 6.1; WOW64; Trident/7.0; rv:11.0) like Gecko" "-"
23.229.101.0 - - [19/Jun/2023:11:55:08 +0200] "GET / HTTP/1.1" 200 124681 coupdcoeurimmo.fr "-" "Mozilla/5.0 (X11; FreeBSD amd64) AppleWebKit/535.11 (KHTML, like Gecko) Chrome/17.0.963.65 Safari/535.11" "-"
23.229.101.0 - - [19/Jun/2023:11:55:09 +0200] "GET /login HTTP/1.1" 200 71705 coupdcoeurimmo.fr "-" "Mozilla/5.0 (X11; FreeBSD amd64) AppleWebKit/535.11 (KHTML, like Gecko) Chrome/17.0.963.65 Safari/535.11" "-"
23.229.101.0 - - [19/Jun/2023:11:55:10 +0200] "GET /location/asked/81 HTTP/1.1" 302 270 coupdcoeurimmo.fr "-" "Mozilla/5.0 (X11; FreeBSD amd64) AppleWebKit/535.11 (KHTML, like Gecko) Chrome/17.0.963.65 Safari/535.11" "-"
23.229.101.0 - - [19/Jun/2023:11:55:10 +0200] "GET /home/about HTTP/1.1" 200 71424 coupdcoeurimmo.fr "-" "Mozilla/5.0 (X11; FreeBSD amd64) AppleWebKit/535.11 (KHTML, like Gecko) Chrome/17.0.963.65 Safari/535.11" "-"
23.229.101.0 - - [19/Jun/2023:11:55:10 +0200] "GET /contact/contact HTTP/1.1" 200 72241 coupdcoeurimmo.fr "-" "Mozilla/5.0 (X11; FreeBSD amd64) AppleWebKit/535.11 (KHTML, like Gecko) Chrome/17.0.963.65 Safari/535.11" "-"
23.229.101.0 - - [19/Jun/2023:11:55:10 +0200] "GET /location/asked/86 HTTP/1.1" 302 270 coupdcoeurimmo.fr "-" "Mozilla/5.0 (X11; FreeBSD amd64) AppleWebKit/535.11 (KHTML, like Gecko) Chrome/17.0.963.65 Safari/535.11" "-"
23.229.101.0 - - [19/Jun/2023:11:55:10 +0200] "GET /interest/new?id=82 HTTP/1.1" 302 270 coupdcoeurimmo.fr "-" "Mozilla/5.0 (X11; FreeBSD amd64) AppleWebKit/535.11 (KHTML, like Gecko) Chrome/17.0.963.65 Safari/535.11" "-"
23.229.101.0 - - [19/Jun/2023:11:55:10 +0200] "GET /interest/new?id=84 HTTP/1.1" 302 270 coupdcoeurimmo.fr "-" "Mozilla/5.0 (X11; FreeBSD amd64) AppleWebKit/535.11 (KHTML, like Gecko) Chrome/17.0.963.65 Safari/535.11" "-"
23.229.101.0 - - [19/Jun/2023:11:55:10 +0200] "GET /home/favoris HTTP/1.1" 200 70834 coupdcoeurimmo.fr "-" "Mozilla/5.0 (X11; FreeBSD amd64) AppleWebKit/535.11 (KHTML, like Gecko) Chrome/17.0.963.65 Safari/535.11" "-"
23.229.101.0 - - [19/Jun/2023:11:55:10 +0200] "GET /interest/new?id=85 HTTP/1.1" 302 270 coupdcoeurimmo.fr "-" "Mozilla/5.0 (X11; FreeBSD amd64) AppleWebKit/535.11 (KHTML, like Gecko) Chrome/17.0.963.65 Safari/535.11" "-"
23.229.101.0 - - [19/Jun/2023:11:55:10 +0200] "GET /pdf/86 HTTP/1.1" 500 119023 coupdcoeurimmo.fr "-" "Mozilla/5.0 (X11; FreeBSD amd64) AppleWebKit/535.11 (KHTML, like Gecko) Chrome/17.0.963.65 Safari/535.11" "-"
23.229.101.0 - - [19/Jun/2023:11:55:10 +0200] "GET /category/location HTTP/1.1" 200 74515 coupdcoeurimmo.fr "-" "Mozilla/5.0 (X11; FreeBSD amd64) AppleWebKit/535.11 (KHTML, like Gecko) Chrome/17.0.963.65 Safari/535.11" "-"
23.229.101.0 - - [19/Jun/2023:11:55:10 +0200] "GET /category/vente HTTP/1.1" 200 75209 coupdcoeurimmo.fr "-" "Mozilla/5.0 (X11; FreeBSD amd64) AppleWebKit/535.11 (KHTML, like Gecko) Chrome/17.0.963.65 Safari/535.11" "-"
23.229.101.0 - - [19/Jun/2023:11:55:10 +0200] "GET /pdf/82 HTTP/1.1" 500 119023 coupdcoeurimmo.fr "-" "Mozilla/5.0 (X11; FreeBSD amd64) AppleWebKit/535.11 (KHTML, like Gecko) Chrome/17.0.963.65 Safari/535.11" "-"
23.229.101.0 - - [19/Jun/2023:11:55:10 +0200] "GET /pdf/81 HTTP/1.1" 500 112000 coupdcoeurimmo.fr "-" "Mozilla/5.0 (X11; FreeBSD amd64) AppleWebKit/535.11 (KHTML, like Gecko) Chrome/17.0.963.65 Safari/535.11" "-"
23.229.101.0 - - [19/Jun/2023:11:55:10 +0200] "GET /home/page/3 HTTP/1.1" 200 112000 coupdcoeurimmo.fr "-" "Mozilla/5.0 (X11; FreeBSD amd64) AppleWebKit/535.11 (KHTML, like Gecko) Chrome/17.0.963.65 Safari/535.11" "-"
23.229.101.0 - - [19/Jun/2023:11:55:10 +0200] "GET /interest/new?id=83 HTTP/1.1" 302 270 coupdcoeurimmo.fr "-" "Mozilla/5.0 (X11; FreeBSD amd64) AppleWebKit/535.11 (KHTML, like Gecko) Chrome/17.0.963.65 Safari/535.11" "-"
23.229.101.0 - - [19/Jun/2023:11:55:10 +0200] "GET /pdf/83 HTTP/1.1" 500 112000 coupdcoeurimmo.fr "-" "Mozilla/5.0 (X11; FreeBSD amd64) AppleWebKit/535.11 (KHTML, like Gecko) Chrome/17.0.963.65 Safari/535.11" "-"
23.229.101.0 - - [19/Jun/2023:11:55:10 +0200] "GET /home/page HTTP/1.1" 200 112000 coupdcoeurimmo.fr "-" "Mozilla/5.0 (X11; FreeBSD amd64) AppleWebKit/535.11 (KHTML, like Gecko) Chrome/17.0.963.65 Safari/535.11" "-"
23.229.101.0 - - [19/Jun/2023:11:55:10 +0200] "GET /home/page/2 HTTP/1.1" 200 112000 coupdcoeurimmo.fr "-" "Mozilla/5.0 (X11; FreeBSD amd64) AppleWebKit/535.11 (KHTML, like Gecko) Chrome/17.0.963.65 Safari/535.11" "-"
23.229.101.0 - - [19/Jun/2023:11:55:10 +0200] "GET /pdf/85 HTTP/1.1" 500 112000 coupdcoeurimmo.fr "-" "Mozilla/5.0 (X11; FreeBSD amd64) AppleWebKit/535.11 (KHTML, like Gecko) Chrome/17.0.963.65 Safari/535.11" "-"
23.229.101.0 - - [19/Jun/2023:11:55:10 +0200] "GET /pdf/84 HTTP/1.1" 500 112000 coupdcoeurimmo.fr "-" "Mozilla/5.0 (X11; FreeBSD amd64) AppleWebKit/535.11 (KHTML, like Gecko) Chrome/17.0.963.65 Safari/535.11" "-"
23.229.101.0 - - [19/Jun/2023:11:55:12 +0200] "GET /_profiler/a688df?panel=request HTTP/1.1" 200 112000 coupdcoeurimmo.fr "-" "Mozilla/5.0 (X11; FreeBSD amd64) AppleWebKit/535.11 (KHTML, like Gecko) Chrome/17.0.963.65 Safari/535.11" "-"
171.67.70.0 - - [19/Jun/2023:11:55:26 +0200] "GET / HTTP/1.1" 200 124681 coupdcoeurimmo.fr "-" "Mozilla/5.0 zgrab/0.x" "-"
89.175.184.0 - - [19/Jun/2023:11:59:46 +0200] "HEAD / HTTP/1.1" 200 - coupdcoeurimmo.fr "-" "Mozilla/5.0 (Windows NT 10.0; Win64; x64) AppleWebKit/537.36 (KHTML, like Gecko) Chrome/108.0.0.0 Safari/537.36" "-"
89.175.184.0 - - [19/Jun/2023:12:00:01 +0200] "GET / HTTP/1.1" 200 124683 coupdcoeurimmo.fr "-" "Mozilla/5.0 (Windows NT 10.0; Win64; x64) AppleWebKit/537.36 (KHTML, like Gecko) Chrome/108.0.0.0 Safari/537.36" "-"
149.56.160.0 - - [19/Jun/2023:14:21:44 +0200] "GET /robots.txt HTTP/1.1" 404 271341 www.coupdcoeurimmo.fr "-" "Mozilla/5.0 (compatible; Dataprovider.com)" "-"
149.56.160.0 - - [19/Jun/2023:14:21:47 +0200] "GET /sitemap.xml HTTP/1.1" 404 271349 www.coupdcoeurimmo.fr "-" "Mozilla/5.0 (compatible; Dataprovider.com)" "-"
149.56.160.0 - - [19/Jun/2023:14:21:48 +0200] "GET /contact/contact HTTP/1.1" 200 72266 www.coupdcoeurimmo.fr "-" "Mozilla/5.0 (compatible; Dataprovider.com)" "-"
149.56.160.0 - - [19/Jun/2023:14:21:49 +0200] "GET /login HTTP/1.1" 200 71723 www.coupdcoeurimmo.fr "-" "Mozilla/5.0 (compatible; Dataprovider.com)" "-"
149.56.160.0 - - [19/Jun/2023:14:21:50 +0200] "GET /register HTTP/1.1" 200 73913 www.coupdcoeurimmo.fr "-" "Mozilla/5.0 (compatible; Dataprovider.com)" "-"
149.56.160.0 - - [19/Jun/2023:14:21:51 +0200] "GET /home/page HTTP/1.1" 200 124704 www.coupdcoeurimmo.fr "-" "Mozilla/5.0 (compatible; Dataprovider.com)" "-"
149.56.160.0 - - [19/Jun/2023:14:21:53 +0200] "GET /category/location HTTP/1.1" 200 74510 www.coupdcoeurimmo.fr "-" "Mozilla/5.0 (compatible; Dataprovider.com)" "-"
149.56.160.0 - - [19/Jun/2023:14:21:54 +0200] "GET /category/vente HTTP/1.1" 200 75198 www.coupdcoeurimmo.fr "-" "Mozilla/5.0 (compatible; Dataprovider.com)" "-"
149.56.160.0 - - [19/Jun/2023:14:21:55 +0200] "GET /home/favoris HTTP/1.1" 200 70846 www.coupdcoeurimmo.fr "-" "Mozilla/5.0 (compatible; Dataprovider.com)" "-"
149.56.160.0 - - [19/Jun/2023:14:21:56 +0200] "GET /home/about HTTP/1.1" 200 71423 www.coupdcoeurimmo.fr "-" "Mozilla/5.0 (compatible; Dataprovider.com)" "-"
149.56.160.0 - - [19/Jun/2023:14:21:57 +0200] "GET /pdf/81 HTTP/1.1" 500 225556 www.coupdcoeurimmo.fr "-" "Mozilla/5.0 (compatible; Dataprovider.com)" "-"
149.56.160.0 - - [19/Jun/2023:14:21:58 +0200] "GET /ads.txt HTTP/1.1" 404 271317 www.coupdcoeurimmo.fr "-" "Mozilla/5.0 (compatible; Dataprovider.com)" "-"
149.56.160.0 - - [19/Jun/2023:14:21:58 +0200] "GET /humans.txt HTTP/1.1" 404 271341 www.coupdcoeurimmo.fr "-" "Mozilla/5.0 (compatible; Dataprovider.com)" "-"
149.56.160.0 - - [19/Jun/2023:14:21:59 +0200] "GET /security.txt HTTP/1.1" 404 271357 www.coupdcoeurimmo.fr "-" "Mozilla/5.0 (compatible; Dataprovider.com)" "-"
149.56.160.0 - - [19/Jun/2023:14:21:59 +0200] "GET /.well-known/security.txt HTTP/1.1" 404 271453 www.coupdcoeurimmo.fr "-" "Mozilla/5.0 (compatible; Dataprovider.com)" "-"
149.56.160.0 - - [19/Jun/2023:14:22:00 +0200] "GET / HTTP/1.1" 200 124689 www.coupdcoeurimmo.fr "-" "Mozilla/5.0 (Linux; Android 10; SM-G981B) AppleWebKit/537.36 (KHTML, like Gecko) Chrome/80.0.3987.162 Mobile Safari/537.36" "-"
149.56.150.0 - - [19/Jun/2023:14:22:24 +0200] "GET / HTTP/1.1" 200 124713 www.coupdcoeurimmo.fr "-" "Mozilla/5.0 (compatible; Dataprovider.com)" "-"
149.56.150.0 - - [19/Jun/2023:14:22:26 +0200] "GET /images/logo.jpg HTTP/1.1" 200 2792 www.coupdcoeurimmo.fr "http://www.coupdcoeurimmo.fr/" "Mozilla/5.0 (compatible; Dataprovider.com)" "-"
149.56.150.0 - - [19/Jun/2023:14:22:26 +0200] "GET /images/properties/1daa576c35c8dff08f050bcb071865af-6489873aa118a231771862.jpg HTTP/1.1" 200 8538 www.coupdcoeurimmo.fr "http://www.coupdcoeurimmo.fr/" "Mozilla/5.0 (compatible; Dataprovider.com)" "-"
149.56.150.0 - - [19/Jun/2023:14:22:26 +0200] "GET /images/properties/8e707cffc13008e7bf33f1b1d29ea93d.jpg HTTP/1.1" 200 9687 www.coupdcoeurimmo.fr "http://www.coupdcoeurimmo.fr/" "Mozilla/5.0 (compatible; Dataprovider.com)" "-"
149.56.150.0 - - [19/Jun/2023:14:22:26 +0200] "GET /images/properties/a2834a13eaec2a3e1c3a88ac8e444b37.jpg HTTP/1.1" 200 10311 www.coupdcoeurimmo.fr "http://www.coupdcoeurimmo.fr/" "Mozilla/5.0 (compatible; Dataprovider.com)" "-"
149.56.150.0 - - [19/Jun/2023:14:22:26 +0200] "GET /images/properties/de5eb31e84b03e6fcf0fded6f6974ecd.jpg HTTP/1.1" 200 10606 www.coupdcoeurimmo.fr "http://www.coupdcoeurimmo.fr/" "Mozilla/5.0 (compatible; Dataprovider.com)" "-"
149.56.150.0 - - [19/Jun/2023:14:22:26 +0200] "GET /images/properties/5a6c9f9968465414bcd6a21f40d20b21.jpg HTTP/1.1" 200 10027 www.coupdcoeurimmo.fr "http://www.coupdcoeurimmo.fr/" "Mozilla/5.0 (compatible; Dataprovider.com)" "-"
149.56.150.0 - - [19/Jun/2023:14:22:26 +0200] "GET /images/properties/79a6c2c1cb9aa9712b68a9f48549792f.jpg HTTP/1.1" 200 9704 www.coupdcoeurimmo.fr "http://www.coupdcoeurimmo.fr/" "Mozilla/5.0 (compatible; Dataprovider.com)" "-"
149.56.150.0 - - [19/Jun/2023:14:22:26 +0200] "GET /images/properties/83d34427b14072dac62bf8eb5ddab1b7.jpg HTTP/1.1" 200 10387 www.coupdcoeurimmo.fr "http://www.coupdcoeurimmo.fr/" "Mozilla/5.0 (compatible; Dataprovider.com)" "-"
149.56.150.0 - - [19/Jun/2023:14:22:26 +0200] "GET /images/properties/b50b1d971c87cdbdfe2e88209f945a53.jpg HTTP/1.1" 200 10190 www.coupdcoeurimmo.fr "http://www.coupdcoeurimmo.fr/" "Mozilla/5.0 (compatible; Dataprovider.com)" "-"
149.56.150.0 - - [19/Jun/2023:14:22:26 +0200] "GET /images/properties/62b098afcf965638b6ce2893f3876c96.jpg HTTP/1.1" 200 9889 www.coupdcoeurimmo.fr "http://www.coupdcoeurimmo.fr/" "Mozilla/5.0 (compatible; Dataprovider.com)" "-"
149.56.150.0 - - [19/Jun/2023:14:22:26 +0200] "GET /images/properties/1418faa0328b124c2e74e6b09c6aa5ba.jpg HTTP/1.1" 200 10335 www.coupdcoeurimmo.fr "http://www.coupdcoeurimmo.fr/" "Mozilla/5.0 (compatible; Dataprovider.com)" "-"
149.56.150.0 - - [19/Jun/2023:14:22:26 +0200] "GET /images/properties/f1a10fe5207cd4766731d4f27ea8e5fd.jpg HTTP/1.1" 200 9378 www.coupdcoeurimmo.fr "http://www.coupdcoeurimmo.fr/" "Mozilla/5.0 (compatible; Dataprovider.com)" "-"
149.56.150.0 - - [19/Jun/2023:14:22:26 +0200] "GET /_wdt/da9dd4 HTTP/1.1" 200 35571 www.coupdcoeurimmo.fr "http://www.coupdcoeurimmo.fr/" "Mozilla/5.0 (compatible; Dataprovider.com)" "-"
149.56.150.0 - - [19/Jun/2023:14:22:27 +0200] "GET /images/properties/abe4076dcf1d1666c0cd1d360a4bb715.jpg HTTP/1.1" 200 10439 www.coupdcoeurimmo.fr "http://www.coupdcoeurimmo.fr/" "Mozilla/5.0 (compatible; Dataprovider.com)" "-"
149.56.150.0 - - [19/Jun/2023:14:22:27 +0200] "GET /images/properties/f0e828a5dfd92a68496a05d8a9d82ba1.jpg HTTP/1.1" 200 10000 www.coupdcoeurimmo.fr "http://www.coupdcoeurimmo.fr/" "Mozilla/5.0 (compatible; Dataprovider.com)" "-"
149.56.150.0 - - [19/Jun/2023:14:22:27 +0200] "GET /images/properties/20eb139dce4199a4624555d7aa854cff.jpg HTTP/1.1" 200 9763 www.coupdcoeurimmo.fr "http://www.coupdcoeurimmo.fr/" "Mozilla/5.0 (compatible; Dataprovider.com)" "-"
149.56.150.0 - - [19/Jun/2023:14:22:27 +0200] "GET /images/properties/cdd52cf7311a65c163cf97a5a74d5904.jpg HTTP/1.1" 200 10180 www.coupdcoeurimmo.fr "http://www.coupdcoeurimmo.fr/" "Mozilla/5.0 (compatible; Dataprovider.com)" "-"
149.56.150.0 - - [19/Jun/2023:14:22:27 +0200] "GET /images/properties/14049b6637e4a0e05c6a8780f620d793.jpg HTTP/1.1" 200 8321 www.coupdcoeurimmo.fr "http://www.coupdcoeurimmo.fr/" "Mozilla/5.0 (compatible; Dataprovider.com)" "-"
34.105.37.0 - - [19/Jun/2023:14:36:42 +0200] "GET / HTTP/1.1" 200 124694 coupdcoeurimmo.fr "-" "Mozilla/5.0 (Windows NT 6.1; WOW64; Trident/7.0; rv:11.0) like Gecko" "-"
2a01:e0a:100:: - - [19/Jun/2023:14:36:45 +0200] "GET / HTTP/1.1" 200 124700 coupdcoeurimmo.fr "-" "Mozilla/5.0 (Windows NT 10.0; Win64; x64) AppleWebKit/537.36 (KHTML, like Gecko) Chrome/114.0.0.0 Safari/537.36" "-"
2a01:e0a:100:: - - [19/Jun/2023:14:36:46 +0200] "GET /_wdt/c1ef0a HTTP/1.1" 200 35518 coupdcoeurimmo.fr "http://coupdcoeurimmo.fr/" "Mozilla/5.0 (Windows NT 10.0; Win64; x64) AppleWebKit/537.36 (KHTML, like Gecko) Chrome/114.0.0.0 Safari/537.36" "-"
34.105.37.0 - - [19/Jun/2023:14:36:46 +0200] "GET / HTTP/1.1" 200 124692 coupdcoeurimmo.fr "-" "Mozilla/5.0 (Windows NT 6.1; WOW64; Trident/7.0; rv:11.0) like Gecko" "-"
65.154.226.0 - - [19/Jun/2023:14:49:55 +0200] "GET /images/logo.jpg HTTP/1.1" 200 2792 coupdcoeurimmo.fr "http://coupdcoeurimmo.fr/" "Mozilla/5.0 (X11; Linux x86_64) AppleWebKit/537.36 (KHTML, like Gecko) HeadlessChrome/112.0.5615.121 Safari/537.36" "-"
65.154.226.0 - - [19/Jun/2023:14:49:55 +0200] "GET /images/properties/1daa576c35c8dff08f050bcb071865af-6489873aa118a231771862.jpg HTTP/1.1" 200 8538 coupdcoeurimmo.fr "http://coupdcoeurimmo.fr/" "Mozilla/5.0 (X11; Linux x86_64) AppleWebKit/537.36 (KHTML, like Gecko) HeadlessChrome/112.0.5615.121 Safari/537.36" "-"
65.154.226.0 - - [19/Jun/2023:14:49:55 +0200] "GET /images/properties/79a6c2c1cb9aa9712b68a9f48549792f.jpg HTTP/1.1" 200 9704 coupdcoeurimmo.fr "http://coupdcoeurimmo.fr/" "Mozilla/5.0 (X11; Linux x86_64) AppleWebKit/537.36 (KHTML, like Gecko) HeadlessChrome/112.0.5615.121 Safari/537.36" "-"
65.154.226.0 - - [19/Jun/2023:14:49:55 +0200] "GET /images/properties/a2834a13eaec2a3e1c3a88ac8e444b37.jpg HTTP/1.1" 200 10311 coupdcoeurimmo.fr "http://coupdcoeurimmo.fr/" "Mozilla/5.0 (X11; Linux x86_64) AppleWebKit/537.36 (KHTML, like Gecko) HeadlessChrome/112.0.5615.121 Safari/537.36" "-"
65.154.226.0 - - [19/Jun/2023:14:49:56 +0200] "GET /images/properties/5a6c9f9968465414bcd6a21f40d20b21.jpg HTTP/1.1" 200 10027 coupdcoeurimmo.fr "http://coupdcoeurimmo.fr/" "Mozilla/5.0 (X11; Linux x86_64) AppleWebKit/537.36 (KHTML, like Gecko) HeadlessChrome/112.0.5615.121 Safari/537.36" "-"
65.154.226.0 - - [19/Jun/2023:14:49:56 +0200] "GET /images/properties/8e707cffc13008e7bf33f1b1d29ea93d.jpg HTTP/1.1" 200 9687 coupdcoeurimmo.fr "http://coupdcoeurimmo.fr/" "Mozilla/5.0 (X11; Linux x86_64) AppleWebKit/537.36 (KHTML, like Gecko) HeadlessChrome/112.0.5615.121 Safari/537.36" "-"
65.154.226.0 - - [19/Jun/2023:14:49:56 +0200] "GET /images/properties/de5eb31e84b03e6fcf0fded6f6974ecd.jpg HTTP/1.1" 200 10606 coupdcoeurimmo.fr "http://coupdcoeurimmo.fr/" "Mozilla/5.0 (X11; Linux x86_64) AppleWebKit/537.36 (KHTML, like Gecko) HeadlessChrome/112.0.5615.121 Safari/537.36" "-"
65.154.226.0 - - [19/Jun/2023:14:49:56 +0200] "GET /images/properties/62b098afcf965638b6ce2893f3876c96.jpg HTTP/1.1" 200 9889 coupdcoeurimmo.fr "http://coupdcoeurimmo.fr/" "Mozilla/5.0 (X11; Linux x86_64) AppleWebKit/537.36 (KHTML, like Gecko) HeadlessChrome/112.0.5615.121 Safari/537.36" "-"
65.154.226.0 - - [19/Jun/2023:14:49:56 +0200] "GET /images/properties/83d34427b14072dac62bf8eb5ddab1b7.jpg HTTP/1.1" 200 10387 coupdcoeurimmo.fr "http://coupdcoeurimmo.fr/" "Mozilla/5.0 (X11; Linux x86_64) AppleWebKit/537.36 (KHTML, like Gecko) HeadlessChrome/112.0.5615.121 Safari/537.36" "-"
65.154.226.0 - - [19/Jun/2023:14:49:56 +0200] "GET /images/properties/b50b1d971c87cdbdfe2e88209f945a53.jpg HTTP/1.1" 200 10190 coupdcoeurimmo.fr "http://coupdcoeurimmo.fr/" "Mozilla/5.0 (X11; Linux x86_64) AppleWebKit/537.36 (KHTML, like Gecko) HeadlessChrome/112.0.5615.121 Safari/537.36" "-"
65.154.226.0 - - [19/Jun/2023:14:49:56 +0200] "GET /images/properties/1418faa0328b124c2e74e6b09c6aa5ba.jpg HTTP/1.1" 200 10335 coupdcoeurimmo.fr "http://coupdcoeurimmo.fr/" "Mozilla/5.0 (X11; Linux x86_64) AppleWebKit/537.36 (KHTML, like Gecko) HeadlessChrome/112.0.5615.121 Safari/537.36" "-"
65.154.226.0 - - [19/Jun/2023:14:49:57 +0200] "GET /images/properties/f1a10fe5207cd4766731d4f27ea8e5fd.jpg HTTP/1.1" 200 9378 coupdcoeurimmo.fr "http://coupdcoeurimmo.fr/" "Mozilla/5.0 (X11; Linux x86_64) AppleWebKit/537.36 (KHTML, like Gecko) HeadlessChrome/112.0.5615.121 Safari/537.36" "-"
65.154.226.0 - - [19/Jun/2023:14:49:57 +0200] "GET /images/properties/cdd52cf7311a65c163cf97a5a74d5904.jpg HTTP/1.1" 200 10180 coupdcoeurimmo.fr "http://coupdcoeurimmo.fr/" "Mozilla/5.0 (X11; Linux x86_64) AppleWebKit/537.36 (KHTML, like Gecko) HeadlessChrome/112.0.5615.121 Safari/537.36" "-"
65.154.226.0 - - [19/Jun/2023:14:49:57 +0200] "GET /images/properties/f0e828a5dfd92a68496a05d8a9d82ba1.jpg HTTP/1.1" 200 10000 coupdcoeurimmo.fr "http://coupdcoeurimmo.fr/" "Mozilla/5.0 (X11; Linux x86_64) AppleWebKit/537.36 (KHTML, like Gecko) HeadlessChrome/112.0.5615.121 Safari/537.36" "-"
65.154.226.0 - - [19/Jun/2023:14:49:57 +0200] "GET /images/properties/abe4076dcf1d1666c0cd1d360a4bb715.jpg HTTP/1.1" 200 10439 coupdcoeurimmo.fr "http://coupdcoeurimmo.fr/" "Mozilla/5.0 (X11; Linux x86_64) AppleWebKit/537.36 (KHTML, like Gecko) HeadlessChrome/112.0.5615.121 Safari/537.36" "-"
65.154.226.0 - - [19/Jun/2023:14:49:57 +0200] "GET /images/properties/20eb139dce4199a4624555d7aa854cff.jpg HTTP/1.1" 200 9763 coupdcoeurimmo.fr "http://coupdcoeurimmo.fr/" "Mozilla/5.0 (X11; Linux x86_64) AppleWebKit/537.36 (KHTML, like Gecko) HeadlessChrome/112.0.5615.121 Safari/537.36" "-"
65.154.226.0 - - [19/Jun/2023:14:49:57 +0200] "GET /images/properties/14049b6637e4a0e05c6a8780f620d793.jpg HTTP/1.1" 200 8321 coupdcoeurimmo.fr "http://coupdcoeurimmo.fr/" "Mozilla/5.0 (X11; Linux x86_64) AppleWebKit/537.36 (KHTML, like Gecko) HeadlessChrome/112.0.5615.121 Safari/537.36" "-"
65.154.226.0 - - [19/Jun/2023:14:49:58 +0200] "GET /_wdt/1be2aa HTTP/1.1" 200 35518 coupdcoeurimmo.fr "http://coupdcoeurimmo.fr/" "Mozilla/5.0 (X11; Linux x86_64) AppleWebKit/537.36 (KHTML, like Gecko) HeadlessChrome/112.0.5615.121 Safari/537.36" "-"
20.229.51.0 - - [19/Jun/2023:15:10:28 +0200] "GET / HTTP/1.1" 200 124682 coupdcoeurimmo.fr "-" "Go-http-client/1.1" "-"
2a01:e0a:100:: - - [19/Jun/2023:15:12:48 +0200] "GET / HTTP/1.1" 200 124608 coupdcoeurimmo.fr "-" "Mozilla/5.0 (Windows NT 10.0; Win64; x64) AppleWebKit/537.36 (KHTML, like Gecko) Chrome/114.0.0.0 Safari/537.36" "-"
2a01:e0a:100:: - - [19/Jun/2023:15:12:50 +0200] "GET /_wdt/9984b6 HTTP/1.1" 200 35518 coupdcoeurimmo.fr "http://coupdcoeurimmo.fr/" "Mozilla/5.0 (Windows NT 10.0; Win64; x64) AppleWebKit/537.36 (KHTML, like Gecko) Chrome/114.0.0.0 Safari/537.36" "-"
34.145.165.0 - - [19/Jun/2023:15:12:50 +0200] "GET / HTTP/1.1" 200 124605 coupdcoeurimmo.fr "-" "Mozilla/5.0 (Windows NT 6.1; WOW64; Trident/7.0; rv:11.0) like Gecko" "-"
2a01:e0a:100:: - - [19/Jun/2023:15:13:20 +0200] "POST /search HTTP/1.1" 200 7242 coupdcoeurimmo.fr "http://coupdcoeurimmo.fr/" "Mozilla/5.0 (Windows NT 10.0; Win64; x64) AppleWebKit/537.36 (KHTML, like Gecko) Chrome/114.0.0.0 Safari/537.36" "-"
34.105.37.0 - - [19/Jun/2023:15:13:26 +0200] "GET /search HTTP/1.1" 405 272089 coupdcoeurimmo.fr "-" "Mozilla/5.0 (Windows NT 6.1; WOW64; Trident/7.0; rv:11.0) like Gecko" "-"
2a01:e0a:100:: - - [19/Jun/2023:15:13:34 +0200] "GET / HTTP/1.1" 200 124698 coupdcoeurimmo.fr "-" "Mozilla/5.0 (Windows NT 10.0; Win64; x64) AppleWebKit/537.36 (KHTML, like Gecko) Chrome/114.0.0.0 Safari/537.36" "-"
2a01:e0a:100:: - - [19/Jun/2023:15:13:34 +0200] "GET /_wdt/016719 HTTP/1.1" 200 35517 coupdcoeurimmo.fr "http://coupdcoeurimmo.fr/" "Mozilla/5.0 (Windows NT 10.0; Win64; x64) AppleWebKit/537.36 (KHTML, like Gecko) Chrome/114.0.0.0 Safari/537.36" "-"
2a01:e0a:100:: - - [19/Jun/2023:15:14:58 +0200] "GET /home/page HTTP/1.1" 200 124683 coupdcoeurimmo.fr "http://coupdcoeurimmo.fr/" "Mozilla/5.0 (Windows NT 10.0; Win64; x64) AppleWebKit/537.36 (KHTML, like Gecko) Chrome/114.0.0.0 Safari/537.36" "-"
2a01:e0a:100:: - - [19/Jun/2023:15:14:58 +0200] "GET /_wdt/e61d4a HTTP/1.1" 200 35524 coupdcoeurimmo.fr "http://coupdcoeurimmo.fr/home/page" "Mozilla/5.0 (Windows NT 10.0; Win64; x64) AppleWebKit/537.36 (KHTML, like Gecko) Chrome/114.0.0.0 Safari/537.36" "-"
2a01:e0a:900:: - - [19/Jun/2023:15:16:05 +0200] "GET / HTTP/1.1" 200 124462 coupdcoeurimmo.fr "-" "Mozilla/5.0 (Windows NT 10.0; Win64; x64) AppleWebKit/537.36 (KHTML, like Gecko) Chrome/114.0.0.0 Safari/537.36" "-"
2a01:e0a:900:: - - [19/Jun/2023:15:16:05 +0200] "GET /images/properties/1daa576c35c8dff08f050bcb071865af-6489873aa118a231771862.jpg HTTP/1.1" 304 - coupdcoeurimmo.fr "http://coupdcoeurimmo.fr/" "Mozilla/5.0 (Windows NT 10.0; Win64; x64) AppleWebKit/537.36 (KHTML, like Gecko) Chrome/114.0.0.0 Safari/537.36" "-"
2a01:e0a:900:: - - [19/Jun/2023:15:16:06 +0200] "GET /_wdt/418292 HTTP/1.1" 200 35519 coupdcoeurimmo.fr "http://coupdcoeurimmo.fr/" "Mozilla/5.0 (Windows NT 10.0; Win64; x64) AppleWebKit/537.36 (KHTML, like Gecko) Chrome/114.0.0.0 Safari/537.36" "-"
2a01:e0a:900:: - - [19/Jun/2023:15:16:06 +0200] "GET /favicon.ico HTTP/1.1" 404 271479 coupdcoeurimmo.fr "http://coupdcoeurimmo.fr/" "Mozilla/5.0 (Windows NT 10.0; Win64; x64) AppleWebKit/537.36 (KHTML, like Gecko) Chrome/114.0.0.0 Safari/537.36" "-"
2a01:e0a:100:: - - [19/Jun/2023:15:16:07 +0200] "GET /home/page HTTP/1.1" 200 124474 coupdcoeurimmo.fr "http://coupdcoeurimmo.fr/" "Mozilla/5.0 (Windows NT 10.0; Win64; x64) AppleWebKit/537.36 (KHTML, like Gecko) Chrome/114.0.0.0 Safari/537.36" "-"
2a01:e0a:100:: - - [19/Jun/2023:15:16:08 +0200] "GET /_wdt/76b75d HTTP/1.1" 200 35520 coupdcoeurimmo.fr "http://coupdcoeurimmo.fr/home/page" "Mozilla/5.0 (Windows NT 10.0; Win64; x64) AppleWebKit/537.36 (KHTML, like Gecko) Chrome/114.0.0.0 Safari/537.36" "-"
2a01:e0a:900:: - - [19/Jun/2023:15:16:18 +0200] "GET / HTTP/1.1" 200 124680 coupdcoeurimmo.fr "-" "Mozilla/5.0 (Windows NT 10.0; Win64; x64) AppleWebKit/537.36 (KHTML, like Gecko) Chrome/114.0.0.0 Safari/537.36" "-"
2a01:e0a:900:: - - [19/Jun/2023:15:16:18 +0200] "GET /_wdt/8b4249 HTTP/1.1" 200 35516 coupdcoeurimmo.fr "http://coupdcoeurimmo.fr/" "Mozilla/5.0 (Windows NT 10.0; Win64; x64) AppleWebKit/537.36 (KHTML, like Gecko) Chrome/114.0.0.0 Safari/537.36" "-"
2a01:e0a:900:: - - [19/Jun/2023:15:16:58 +0200] "GET / HTTP/1.1" 200 124663 coupdcoeurimmo.fr "-" "Mozilla/5.0 (Windows NT 10.0; Win64; x64) AppleWebKit/537.36 (KHTML, like Gecko) Chrome/114.0.0.0 Safari/537.36" "-"
2a01:e0a:900:: - - [19/Jun/2023:15:16:59 +0200] "GET /_wdt/0abe96 HTTP/1.1" 200 35517 coupdcoeurimmo.fr "http://coupdcoeurimmo.fr/" "Mozilla/5.0 (Windows NT 10.0; Win64; x64) AppleWebKit/537.36 (KHTML, like Gecko) Chrome/114.0.0.0 Safari/537.36" "-"
2a01:e0a:100:: - - [19/Jun/2023:15:17:03 +0200] "GET /home/page HTTP/1.1" 200 124666 coupdcoeurimmo.fr "http://coupdcoeurimmo.fr/" "Mozilla/5.0 (Windows NT 10.0; Win64; x64) AppleWebKit/537.36 (KHTML, like Gecko) Chrome/114.0.0.0 Safari/537.36" "-"
2a01:e0a:100:: - - [19/Jun/2023:15:17:04 +0200] "GET /_wdt/18ed62 HTTP/1.1" 200 35525 coupdcoeurimmo.fr "http://coupdcoeurimmo.fr/home/page" "Mozilla/5.0 (Windows NT 10.0; Win64; x64) AppleWebKit/537.36 (KHTML, like Gecko) Chrome/114.0.0.0 Safari/537.36" "-"
2a01:e0a:100:: - - [19/Jun/2023:15:17:22 +0200] "GET /home/page HTTP/1.1" 200 124659 coupdcoeurimmo.fr "http://coupdcoeurimmo.fr/" "Mozilla/5.0 (Windows NT 10.0; Win64; x64) AppleWebKit/537.36 (KHTML, like Gecko) Chrome/114.0.0.0 Safari/537.36" "-"
2a01:e0a:100:: - - [19/Jun/2023:15:17:23 +0200] "GET /images/logo.jpg HTTP/1.1" 200 2792 coupdcoeurimmo.fr "http://coupdcoeurimmo.fr/home/page" "Mozilla/5.0 (Windows NT 10.0; Win64; x64) AppleWebKit/537.36 (KHTML, like Gecko) Chrome/114.0.0.0 Safari/537.36" "-"
2a01:e0a:100:: - - [19/Jun/2023:15:17:23 +0200] "GET /images/properties/1daa576c35c8dff08f050bcb071865af-6489873aa118a231771862.jpg HTTP/1.1" 200 8538 coupdcoeurimmo.fr "http://coupdcoeurimmo.fr/home/page" "Mozilla/5.0 (Windows NT 10.0; Win64; x64) AppleWebKit/537.36 (KHTML, like Gecko) Chrome/114.0.0.0 Safari/537.36" "-"
2a01:e0a:100:: - - [19/Jun/2023:15:17:23 +0200] "GET /images/properties/79a6c2c1cb9aa9712b68a9f48549792f.jpg HTTP/1.1" 200 9704 coupdcoeurimmo.fr "http://coupdcoeurimmo.fr/home/page" "Mozilla/5.0 (Windows NT 10.0; Win64; x64) AppleWebKit/537.36 (KHTML, like Gecko) Chrome/114.0.0.0 Safari/537.36" "-"
